// Jest Snapshot v1, https://goo.gl/fbAQLP

exports[`Store performs a search 1`] = `
<div>
  {"searchResults":{"Success":true,"Results":[{"DocId":"123","Document":{"a":["b"]},"Score":1}],"Facets":[{"FacetId":123,"Name":"123","Field":"123","FieldType":"search","FacetType":"checkbox","DisplayType":"default","MaxCount":10,"MinHitCount":1}],"Pagination":{},"DidYouMean":["test"],"Keyword":"this is my keyword","SearchDuration":100,"Selections":[]},"isLoading":false,"items":[{"DocId":"123","Document":{"a":["b"]},"Score":1}],"facets":[{"FacetId":123,"Name":"123","Field":"123","FieldType":"search","FacetType":"checkbox","DisplayType":"default","MaxCount":10,"MinHitCount":1}]}
</div>
`;
